// Jest Snapshot v1, https://goo.gl/fbAQLP

exports[`DeviceIdentity Component renders correctly 1`] = `
<div
  class="margin-bottom "
>
  <div
    class="clickable flexbox space-between"
    style="align-items: flex-start;"
  >
    <h4
      class="margin-bottom-small"
    >
      Device identity
    </h4>
    <div
      class="flexbox centered"
    >
      <button
        class="MuiButtonBase-root MuiIconButton-root"
        tabindex="0"
        type="button"
      >
        <span
          class="MuiIconButton-label"
        >
          <svg
            aria-hidden="true"
            class="MuiSvgIcon-root"
            focusable="false"
            viewBox="0 0 24 24"
          >
            <path
              d="M7.41 8.59L12 13.17l4.59-4.58L18 10l-6 6-6-6 1.41-1.41z"
            />
          </svg>
        </span>
        <span
          class="MuiTouchRipple-root"
        />
      </button>
    </div>
  </div>
  <div>
    <div
      class="break-all two-columns column-data compact"
      style="max-width: 80%; grid-template-columns: minmax(max-content, 150px) max-content; margin-bottom: 5px; align-items: center;"
    >
      <div
        class="align-right key text-muted"
      >
        <b>
          Name
        </b>
      </div>
      <div
        class="MuiInputBase-root MuiInput-root MuiInput-underline Mui-disabled Mui-disabled MuiInputBase-adornedEnd"
        style="font-size: 0.8125rem;"
      >
        <input
          class="MuiInputBase-input MuiInput-input Mui-disabled Mui-disabled MuiInputBase-inputAdornedEnd"
          disabled=""
          id="a1-id-input"
          placeholder="a1"
          type="text"
          value=""
        />
        <div
          class="MuiInputAdornment-root MuiInputAdornment-positionEnd"
        >
          <button
            class="MuiButtonBase-root MuiIconButton-root MuiIconButton-sizeSmall"
            tabindex="0"
            type="button"
          >
            <span
              class="MuiIconButton-label"
            >
              <svg
                aria-hidden="true"
                class="MuiSvgIcon-root"
                focusable="false"
                style="font-size: 1.25rem;"
                viewBox="0 0 24 24"
              >
                <path
                  d="M3 17.25V21h3.75L17.81 9.94l-3.75-3.75L3 17.25zM20.71 7.04c.39-.39.39-1.02 0-1.41l-2.34-2.34a.9959.9959 0 00-1.41 0l-1.83 1.83 3.75 3.75 1.83-1.83z"
                />
              </svg>
            </span>
            <span
              class="MuiTouchRipple-root"
            />
          </button>
        </div>
      </div>
    </div>
    <div
      class="break-all two-columns column-data compact "
      style="max-width: 80%; grid-template-columns: minmax(max-content, 150px) auto; margin-bottom: 5px;"
    >
      <div
        class="align-right key text-muted"
      >
        <b>
          ID
        </b>
      </div>
      <div
        class="flexbox clickable"
      >
        a1
        <svg
          aria-hidden="true"
          class="MuiSvgIcon-root margin-left-small fadeOut MuiSvgIcon-colorPrimary MuiSvgIcon-fontSizeSmall"
          focusable="false"
          title="Copy to clipboard"
          viewBox="0 0 24 24"
        >
          <path
            d="M16 1H4c-1.1 0-2 .9-2 2v14h2V3h12V1zm-1 4H8c-1.1 0-1.99.9-1.99 2L6 21c0 1.1.89 2 1.99 2H19c1.1 0 2-.9 2-2V11l-6-6zM8 21V7h6v5h5v9H8z"
          />
        </svg>
      </div>
      <div
        class="align-right key text-muted"
      >
        <b>
          mac
        </b>
      </div>
      <div
        class="flexbox clickable"
      >
        dc:a6:32:12:ad:bf
        <svg
          aria-hidden="true"
          class="MuiSvgIcon-root margin-left-small fadeOut MuiSvgIcon-colorPrimary MuiSvgIcon-fontSizeSmall"
          focusable="false"
          title="Copy to clipboard"
          viewBox="0 0 24 24"
        >
          <path
            d="M16 1H4c-1.1 0-2 .9-2 2v14h2V3h12V1zm-1 4H8c-1.1 0-1.99.9-1.99 2L6 21c0 1.1.89 2 1.99 2H19c1.1 0 2-.9 2-2V11l-6-6zM8 21V7h6v5h5v9H8z"
          />
        </svg>
      </div>
    </div>
    <a>
      show 
      1
       more
    </a>
  </div>
  <hr
    class="MuiDivider-root"
    style="margin-top: 24px;"
  />
</div>
`;
