// Jest Snapshot v1, https://goo.gl/fbAQLP

exports[`DeploymentCompleteTip Component renders correctly 1`] = `
<div>
  <p>
    Fantastic! You completed your first deployment!
  </p>
  <p>
    Your deployment is finished and your device is now running the updated software!
  </p>
  <div
    className="flexbox centered"
  >
    <button
      className="MuiButtonBase-root MuiButton-root MuiButton-contained"
      disabled={false}
      onBlur={[Function]}
      onClick={[Function]}
      onDragLeave={[Function]}
      onFocus={[Function]}
      onKeyDown={[Function]}
      onKeyUp={[Function]}
      onMouseDown={[Function]}
      onMouseLeave={[Function]}
      onMouseUp={[Function]}
      onTouchEnd={[Function]}
      onTouchMove={[Function]}
      onTouchStart={[Function]}
      tabIndex={0}
      type="button"
    >
      <span
        className="MuiButton-label"
      >
        Go to http://localhost:85
      </span>
    </button>
  </div>
  <p>
    and you should see the demo web application actually being run on the device.
  </p>
  <p>
    NOTE: if you have local network restrictions, you may need to check them if you have difficulty loading the page.
  </p>
  <a
    onClick={[Function]}
  >
    Visit the web app running your device
  </a>
</div>
`;
