// Jest Snapshot v1, https://goo.gl/fbAQLP

exports[`AcceptedDevices Component renders correctly 1`] = `
<div
  class="notActive widget "
>
  <div
    style="height: 100%; width: 100%; display: flex; flex-direction: column;"
  >
    <div
      class="widgetMainContent align-right"
      style="display: flex; flex-direction: column; align-items: flex-end;"
    >
      <div
        class="header"
      >
        Accepted devices
      </div>
      <div
        class="counter"
      />
    </div>
    <span
      class="link"
    />
  </div>
</div>
`;
