// Jest Snapshot v1, https://goo.gl/fbAQLP

exports[`AuthSetup Component renders correctly 1`] = `
<div>
  <div
    class="margin-top"
  >
    Setup:
    <div
      class="flexbox margin-top"
    >
      <ol
        class="spaced-list margin-right-large"
        style="padding-inline-start: 20px;"
      >
        <li
          class="margin-top-none"
        >
          To use Two Factor Authentication, first download a third party authentication app such as
           
          <a
            href="https://authy.com/download/"
            rel="noopener noreferrer"
            target="_blank"
          >
            Authy
          </a>
           
          or
           
          <a
            href="https://support.google.com/accounts/answer/1066447"
            rel="noopener noreferrer"
            target="_blank"
          >
            Google Authenticator
          </a>
          .
        </li>
        <li>
          Scan the QR code on the right with the authenticator app you just downloaded on your device.
        </li>
        <li>
          <div>
            Type in the generated code in the input field below and click Verify.
            <form
              class=""
            >
              <div
                class="MuiFormControl-root  required"
              >
                <label
                  class="MuiFormLabel-root MuiInputLabel-root MuiInputLabel-formControl MuiInputLabel-animated"
                  data-shrink="false"
                  for="token2fa"
                >
                  Verification code
                </label>
                <div
                  class="MuiInputBase-root MuiInput-root MuiInput-underline MuiInputBase-formControl MuiInput-formControl"
                  required=""
                  style="width: 400px; max-width: 100%;"
                >
                  <input
                    aria-invalid="false"
                    class="MuiInputBase-input MuiInput-input"
                    id="token2fa"
                    name="token2fa"
                    placeholder="Verification code"
                    required=""
                    type="text"
                    value=""
                  />
                </div>
                <p
                  class="MuiFormHelperText-root"
                  id="component-error-text"
                />
              </div>
              <div
                class="flexbox"
                style="justify-content: flex-end; margin-top: 32px;"
              >
                <button
                  class="MuiButtonBase-root MuiButton-root MuiButton-contained MuiButton-containedPrimary Mui-disabled Mui-disabled"
                  disabled=""
                  id="confirm-button"
                  tabindex="-1"
                  type="button"
                >
                  <span
                    class="MuiButton-label"
                  >
                    Verify
                  </span>
                </button>
              </div>
            </form>
          </div>
        </li>
        <li>
          Then each time you log in, you will be asked for a verification code which you can retrieve from the authentication app on your device.
        </li>
      </ol>
      <img
        src="data:image/png;base64,iVBORw0KGgoAAAANSUhEUgAAAYgAAAGIAQAAAABzOEqLAAAAJHRFWHRTb2Z0d2FyZQBRUi1QTkcgaHR0cDovL3FyLnN3dGNoLmNvbS9nj329AAAJe0lEQVR4AWP4TyoY1TGqY1THqI5RHQgdI1cHw/////8zMDAwMDAw/GdgYPjPwMDA8J/h////DAz/GRj+M/z/z8Dw/z8DAwMDAwPD/////4/qoKUOhv////9n+P//////DP8Z/jP8/////////xn+/////z/DfwYGBgYGBob/DP//////n+H/////R3XQUgfD/////zP8Z2Bg+M/wn4Hh/3+G/wz///9nYPjP8P8/AwPD/////zP8/8/wn4GB4T/D/////4/qoKUOhv////9n+M/AwPCf4T/Df4b//xn+MzAw/Gf4z8Dw/z8DA8P//wz/Gf4z/GdgYPjP8P////+jOmipg+H/////Gf4zMDD8Z/jPwMDwn4GBgYGBgYHhPwMDw///DAz/Gf4z/P/P8J+BgeE/w/////+P6qClDob/////Z/j//////wz//zP8/////38GBob/DAwM////Z/jPwPCfgYHhP8P//////2f4/////1EdtNTB8P////8MDAwMDAwM/xn+M/xn+M/wn+E/w3+G/wz/Gf4z/Gf4z/Cf4T8DAwMDAwPD/////4/qoKUOhv////////////////9nYGBg+P///38Ghv8M//////+f4T8DAwMDA8P/////////////////j+qgpQ6G///////PwPCf4T8Dw38GBob/DP8ZGBj+////n4HhPwMDw38Ghv8M/xn+MzAwMDD8/////6gOWupg+P///////xkYGBj+///PwPCf4T/Df4b/////Z2BgYPj//z8Dw////xkY/v//z8DA8P////+jOmipg+H/////GRgY/v9nYGBg+M/w/z/Df4b//xkYGP7/Z/jP8P8/AwPDf4b/DP//M/xnYPj/////UR201MHw//////8ZGBgYGP4z/P/PwPD//38Ghv8M/xn+MzAwMDAwMDD8////P8N/hv//Gf7//////6gOWupg+P//////DAz//zMwMPz//5/hP8P//wwM/xn+M/z/z/D/////DAwMDAwM//8z/Gdg+P////9RHbTUwfD//////xkYGP4z/P/PwMDAwMDA8J/hP8N/hv8MDAwM/xn+////n4GB4f//////M/z/////qA5a6mD4////fwaG/wwM/xn+M/z/z8DAwPCfgeH//////zMwMDD8//+f4T8DAwMDAwMDA8P/////j+qgpQ6G/////////z/D////Gf4zMPxnYGD4z8DA8P8/A8N/Bob/DP8ZGP7/////P8P///////////+oDlrqYPj//////wwM////Z2D4////f4b/DAwMDAz/////z8DAwPCfgeH///8MDAz/Gf4z/P//////UR201MHw////////M/xn+P+f4T/D//////9nYGBg+P+fgeE/AwPDfwYGhv///zP8/8/wn4Hh/////0d10FIHw////////8/AwPCfgeE/AwPDfwYGBob/DP8Z/jP8//+f4f///////2dgYGD4z8DA8P////+jOmipg+H//////zP8/8/A8P8/w///DAz/Gf7//////38GBgYGBgYGBob/DAz//zP8//+f4f//////j+qgpQ6G/////////////wwM/////8/AwPD//38Ghv8MDAz/Gf4z/GdgYGBgYGBg+P//PwPD/////4/qoKUOhv////9n+P//PwPDfwaG/wz/Gf4zMDD8/8/A8P//f4b/DP8Z/jP8Z2Bg+P///38Ghv////8f1UFLHQz/////z/CfgeE/AwMDA8N/BgYGBob/DP8ZGP7//8/A8P//f4b//xn+M/z/z8DAwPD/////ozpoqYPh/////xn+/2f4z/D/PwMDw///DAwMDP///////z/DfwYGBgYGBgaG/wz//////5/h/////0d10FIHw////////8/A8P8/w///DP8ZGP7///+f4f////8ZGBj+////n+H///8MDP//M/z/z/D/////ozpoqYPh/////xkYGP7///+fgeE/w/////8zMPxnYPj/n+E/A8P//wz/Gf7/Z2Bg+P//PwPD/////4/qoKUOhv////9n+M/w/z8DA8N/hv//Gf4z/Gdg+P///3+G////M/z/////fwYGBgaG/wwMDP////8/qoOWOhj+////n4GBgYGB4T/DfwaG/wwMDAwMDAwM////Z2Bg+P+fgYGB4f/////////PwPD/////ozpoqYPh/////xkYGP7/Z2D4z/Cf4T/Df4b//xkY/v9nYPj/n+E/AwPDf4b/DAz//zP8Z/j//////6M6aKmD4f/////////P8J/h/38GBob//xn+M/z///8/w///DP///2dgYPj/n4GB4f9/hv8MDP////8/qoOWOhj+////n+E/AwMDAwMDw///DP8Z/v///5+B4T8Dw/////8zMDAw/P/PwPD/////DAz/////P6qDljoY/v////8/w38GBob//xn+MzD8Z/j/n+H/fwaG//8Z/jMw/GdgYPj/n+E/AwPD/////////39UBy11MPz///8/w///DP//M/z//5/h/3+G///////PwPD//3+G//8Z/jP8/8/AwMDAwPD/P8P/////j+qgpQ6G/////////////////2f4z8Dw/z8DAwMDAwPD////Gf7//8/wn4GB4f///wz/GRgY/v///39UBy11MPz///8/AwMDAwMDw3+G////MzD8Z2Bg+M/AwPD//3+G///////PwPCf4T/DfwYGhv////8f1UFLHQz/////z/D//////xn+/2f4z/D/PwMDAwPD/////zMw/P///z8Dw3+G////M/z/z8Dw/////6M6aKmD4f////8Z/jMwMPxn+M/A8P8/A8P/////MzAw/P/P8P////8M/xn+MzAwMDD8/8/w//////9HddBSB8P/////M/xnYGD4z/D/////DAwM/xn+/2dg+P+f4T/D////GRj+/2f4/5+BgeE/w///////H9VBSx0M/////8/wn4GB4T/Df4b/DP8ZGBj+MzAwMDD8/////////xn+/2f4//8/A8P//wwM/////z+qg5Y6GP7///+f4f//////M/xnYGBg+M/w/z8DAwPD//8MDAwMDAwMDP8ZGP4zMPxn+M/w//////9HddBSB8P/////MzAwMDAwMPz///8/AwMDAwPDfwYGBob//xkY/v9nYPjPwPD//3+G//8ZGP7///9/VActdTD8JxWM6hjVMapjVMeoDoSOkasDAEN0S0qMdGQGAAAAAElFTkSuQmCC"
        style="max-height: 20vh;"
      />
    </div>
    <div
      class="flexbox"
      style="justify-content: flex-end;"
    >
      <button
        class="MuiButtonBase-root MuiButton-root MuiButton-text"
        style="margin-right: 10px;"
        tabindex="0"
        type="button"
      >
        <span
          class="MuiButton-label"
        >
          Cancel
        </span>
        <span
          class="MuiTouchRipple-root"
        />
      </button>
      <button
        class="MuiButtonBase-root MuiButton-root MuiButton-contained MuiButton-containedSecondary Mui-disabled Mui-disabled"
        disabled=""
        tabindex="-1"
        type="button"
      >
        <span
          class="MuiButton-label"
        >
          Save
        </span>
      </button>
    </div>
  </div>
</div>
`;
