// Jest Snapshot v1, https://goo.gl/fbAQLP

exports[`EmailVerification Component renders correctly 1`] = `
<div>
  <div
    class="margin-top"
  >
    Please verify your email address first, to enable Two Factor Authentication.
    <br />
    Once you click the button below we will send you an email with a confirmation code in it and a confirmation field will appear below. Enter the confirmation code in the confirmation field to complete the verification process.
    <div
      class="flexbox"
      style="align-items: center;"
    >
      <button
        class="MuiButtonBase-root MuiButton-root MuiButton-contained MuiButton-containedPrimary"
        style="margin-top: 20px; margin-right: 30px;"
        tabindex="0"
        type="button"
      >
        <span
          class="MuiButton-label"
        >
          Verify your email address
        </span>
        <span
          class="MuiTouchRipple-root"
        />
      </button>
      <div
        class="loaderContainer shrunk"
      >
        <div
          class="loader"
        >
          <span
            class="dot dot_1"
          />
          <span
            class="dot dot_2"
          />
          <span
            class="dot dot_3"
          />
          <span
            class="dot dot_4"
          />
        </div>
      </div>
    </div>
  </div>
</div>
`;
