// Jest Snapshot v1, https://goo.gl/fbAQLP

exports[`GlobalSettings Component renders correctly 1`] = `
<form
  class="margin-top-small"
>
  <div
    class="warning"
  />
  <div
    id="poweredByStripe"
  >
    <div>
      All standard credit card fees apply (e.g. foreign transaction fee, if your card has one)
    </div>
    <img
      src="powered_by_stripe.png"
    />
  </div>
  <p
    class="info"
  >
    Billing will be scheduled monthly, starting from today. You can cancel at any time.
  </p>
  <div
    class="flexbox center-aligned margin-top-small"
    style="justify-content: flex-end;"
  >
    <button
      class="MuiButtonBase-root MuiButton-root MuiButton-contained MuiButton-containedSecondary Mui-disabled Mui-disabled"
      disabled=""
      tabindex="-1"
      type="submit"
    >
      <span
        class="MuiButton-label"
      >
        Sign up
      </span>
    </button>
  </div>
  <div
    class="loaderContainer shrunk"
  >
    <div
      class="  loader"
    >
      <span
        class="dot dot_1"
      />
      <span
        class="dot dot_2"
      />
      <span
        class="dot dot_3"
      />
      <span
        class="dot dot_4"
      />
    </div>
  </div>
</form>
`;
