// Jest Snapshot v1, https://goo.gl/fbAQLP

exports[`OrganizationSettingsItem Component renders correctly 1`] = `
<li
  className="MuiListItem-root flexbox column margin-top-small MuiListItem-gutters Mui-disabled MuiListItem-alignItemsFlexStart"
  disabled={true}
  style={
    Object {
      "maxWidth": 500,
    }
  }
>
  <div
    className="MuiListItemText-root MuiListItemText-multiline"
    style={
      Object {
        "display": "grid",
        "marginBottom": 8,
        "width": "100%",
      }
    }
  >
    <span
      className="MuiTypography-root MuiListItemText-primary MuiTypography-body1 MuiTypography-displayBlock"
    >
      Current plan
    </span>
    <div
      className="MuiTypography-root MuiListItemText-secondary two-columns MuiTypography-body2 MuiTypography-colorTextSecondary MuiTypography-displayBlock"
      style={
        Object {
          "display": "grid",
          "marginBottom": 8,
          "width": "100%",
        }
      }
    >
      <div>
        Trial
      </div>
      <a
        className="align-right"
        href="https://mender.io/plans/pricing"
        target="_blank"
      >
        Compare product plans
      </a>
    </div>
  </div>
  <hr
    className="MuiDivider-root"
    style={
      Object {
        "marginBottom": 8,
        "marginLeft": -16,
        "width": 500,
      }
    }
  />
  upgrade now!
</li>
`;
