// Jest Snapshot v1, https://goo.gl/fbAQLP

exports[`CopyCode Component renders correctly 1`] = `
<body>
  <div>
    <div
      class="code"
    >
      <button
        class="MuiButtonBase-root MuiIconButton-root"
        style="float: right; margin: -20px 0px 0px 10px;"
        tabindex="0"
        type="button"
      >
        <span
          class="MuiIconButton-label"
        >
          <svg
            aria-hidden="true"
            class="MuiSvgIcon-root"
            focusable="false"
            viewBox="0 0 24 24"
          >
            <path
              d="M16 1H4c-1.1 0-2 .9-2 2v14h2V3h12V1zm-1 4l6 6v10c0 1.1-.9 2-2 2H7.99C6.89 23 6 22.1 6 21l.01-14c0-1.1.89-2 1.99-2h7zm-1 7h5.5L14 6.5V12z"
            />
          </svg>
        </span>
        <span
          class="MuiTouchRipple-root"
        />
      </button>
      <span
        style="white-space: pre-wrap; word-break: break-word;"
      >
        sudo it all!
      </span>
    </div>
    <p />
  </div>
</body>
`;
