// Jest Snapshot v1, https://goo.gl/fbAQLP

exports[`DeviceSupport Component renders correctly 1`] = `
<div>
  <h2>
    Device Support
  </h2>
  <p>
    The Mender client runs on the device in order to install software updates. Therefore, at minimum you need to install the client binary on the device and it must support the device OS and hardware architecture. This allows you to deploy application updates by using Update Modules.
    <br />
    For a detailed introduction to the different approaches to do this, please refer to our
     
    <a
      href="https://docs.mender.io/overview/device-support"
      rel="noopener noreferrer"
      target="_blank"
    >
      documentation on device support
    </a>
    .
  </p>
  <h2>
    Operating systems
  </h2>
  <p>
    Debian family OSes, such as Debian, Ubuntu and Raspberry Pi OS are officially supported. For devices running other types of Linux OSes such as Buildroot and OpenWRT, see existing integrations in the
     
    <a
      href="https://hub.mender.io/c/board-integrations/6"
      rel="noopener noreferrer"
      target="_blank"
    >
      Mender Hub community
    </a>
    . There you can also find information about integrations for the Yocto Project or
     
    <a
      href="https://docs.mender.io/system-updates-yocto-project"
      rel="noopener noreferrer"
      target="_blank"
    >
      follow our documentation
    </a>
     
    to integrate your own device.
  </p>
</div>
`;
