// Jest Snapshot v1, https://goo.gl/fbAQLP

exports[`GettingStarted Component renders correctly 1`] = `
<div>
  <h2>
    Get Started
  </h2>
  <p>
    Your devices first need to have the Mender client running on them in order to connect to the server. We support several ways of integrating your device with Mender and connecting it to the Mender server.
  </p>
  <p>
    For a detailed introduction to the different approaches to do this, please refer to our
     
    <a
      href="https://docs.mender.io/get-started"
      rel="noopener noreferrer"
      target="_blank"
    >
      documentation
    </a>
    .
  </p>
</div>
`;
