// Jest Snapshot v1, https://goo.gl/fbAQLP

exports[`DeploymentDeviceListItem Component renders correctly 1`] = `
<tr
  class="MuiTableRow-root"
>
  <td
    class="MuiTableCell-root"
  >
    <a
      href="/devices?id=a1"
      style="font-weight: 500;"
    >
      <div>
        a1
      </div>
    </a>
  </td>
  <td
    class="MuiTableCell-root"
  >
    -
  </td>
  <td
    class="MuiTableCell-root"
  >
    -
  </td>
  <td
    class="MuiTableCell-root"
  >
    -
  </td>
  <td
    class="MuiTableCell-root"
  >
    -
  </td>
  <td
    class="MuiTableCell-root"
    style="padding-right: 0px; position: relative; min-width: 200px;"
  >
    installing
    <div
      style="position: absolute; bottom: 0px; width: 100%;"
    >
      <div
        class="MuiLinearProgress-root MuiLinearProgress-colorPrimary MuiLinearProgress-indeterminate"
        role="progressbar"
      >
        <div
          class="MuiLinearProgress-bar MuiLinearProgress-barColorPrimary MuiLinearProgress-bar1Indeterminate"
        />
        <div
          class="MuiLinearProgress-bar MuiLinearProgress-bar2Indeterminate MuiLinearProgress-barColorPrimary"
        />
      </div>
    </div>
  </td>
  <td
    class="MuiTableCell-root"
  />
</tr>
`;
