// Jest Snapshot v1, https://goo.gl/fbAQLP

exports[`ProgressChart Component renders correctly 1`] = `
<div
  className="flexbox column progress-chart-container "
>
  <div
    style={
      Object {
        "display": "grid",
        "gridColumnGap": 15,
        "gridTemplateColumns": "2fr 1fr",
      }
    }
  >
    <div
      className="progress-chart"
    >
      <div
        className="progress-step"
        style={
          Object {
            "borderRight": "none",
            "flexGrow": 1,
          }
        }
      >
        <div
          className="progress-bar green"
          style={
            Object {
              "width": "0%",
            }
          }
        />
        <div
          className="progress-bar warning"
          style={
            Object {
              "width": "0%",
            }
          }
        />
      </div>
      <div
        className="progress-step progress-step-total"
      >
        <div
          className="progress-bar"
          style={
            Object {
              "width": "100%",
            }
          }
        />
      </div>
    </div>
    <div
      className="flexbox space-between centered muted"
      style={
        Object {
          "justifyContent": "flex-end",
        }
      }
    >
      0 failures
    </div>
  </div>
  <div
    className="flexbox space-between muted"
  >
    <div>
      Current phase: 1 of 1
    </div>
  </div>
</div>
`;
