// Jest Snapshot v1, https://goo.gl/fbAQLP

exports[`Devices Component renders correctly 1`] = `
<div>
  <div
    class="flexbox centered"
  >
    <p
      class="info icon "
    >
      <svg
        aria-hidden="true"
        class="MuiSvgIcon-root MuiSvgIcon-fontSizeSmall"
        focusable="false"
        style="vertical-align: middle; margin: 0px 6px 4px 0px;"
        viewBox="0 0 24 24"
      >
        <path
          d="M11 7h2v2h-2zm0 4h2v6h-2zm1-9C6.48 2 2 6.48 2 12s4.48 10 10 10 10-4.48 10-10S17.52 2 12 2zm0 18c-4.41 0-8-3.59-8-8s3.59-8 8-8 8 3.59 8 8-3.59 8-8 8z"
        />
      </svg>
      With a more advanced commercial Mender plan you get access to actionable insights into the devices you are updating with Mender. Get an overview of the Mender plans on the 
      <a
        href="https://mender.io/plans/features"
        rel="noopener noreferrer"
        target="_blank"
      >
        features page
      </a>
      .
    </p>
  </div>
</div>
`;
