// Jest Snapshot v1, https://goo.gl/fbAQLP

exports[`PreauthorizeDevices Component renders correctly 1`] = `
<div
  className="tab-container"
>
  <div
    className="flexbox space-between"
    style={
      Object {
        "marginBottom": -1,
        "zIndex": 2,
      }
    }
  >
    <div />
    <div
      className="flexbox centered"
    >
      <button
        className="MuiButtonBase-root MuiButton-root MuiButton-contained MuiButton-containedSecondary"
        disabled={false}
        onBlur={[Function]}
        onClick={[Function]}
        onDragLeave={[Function]}
        onFocus={[Function]}
        onKeyDown={[Function]}
        onKeyUp={[Function]}
        onMouseDown={[Function]}
        onMouseLeave={[Function]}
        onMouseUp={[Function]}
        onTouchEnd={[Function]}
        onTouchMove={[Function]}
        onTouchStart={[Function]}
        tabIndex={0}
        type="button"
      >
        <span
          className="MuiButton-label"
        >
          Preauthorize devices
        </span>
      </button>
    </div>
  </div>
  <div
    className="loaderContainer"
  >
    <div
      className="loader"
    >
      <span
        className="dot dot_1"
      />
      <span
        className="dot dot_2"
      />
      <span
        className="dot dot_3"
      />
      <span
        className="dot dot_4"
      />
    </div>
  </div>
  <div
    className="hidden"
  >
    <p>
      There are no preauthorized devices.
    </p>
    <p>
      <a
        onClick={[Function]}
      >
        Preauthorize devices
      </a>
       so that when they come online, they will connect to the server immediately
    </p>
    <img
      alt="preauthorize"
      src="preauthorize.png"
    />
  </div>
</div>
`;
