// Jest Snapshot v1, https://goo.gl/fbAQLP

exports[`RejectedDevices Component renders correctly 1`] = `
<div
  className="tab-container flexbox column"
>
  <div
    className="loaderContainer"
  >
    <div
      className="loader"
    >
      <span
        className="dot dot_1"
      />
      <span
        className="dot dot_2"
      />
      <span
        className="dot dot_3"
      />
      <span
        className="dot dot_4"
      />
    </div>
  </div>
  <div
    className="hidden"
  >
    <p>
      There are no rejected devices
    </p>
  </div>
</div>
`;
