// Jest Snapshot v1, https://goo.gl/fbAQLP

exports[`TextInput Component renders correctly 1`] = `
<div
  class="MuiFormControl-root"
>
  <label
    class="MuiFormLabel-root MuiInputLabel-root MuiInputLabel-formControl MuiInputLabel-animated"
    data-shrink="false"
  />
  <div
    class="MuiInputBase-root MuiInput-root MuiInput-underline MuiInputBase-formControl MuiInput-formControl"
    style="width: 400px; max-width: 100%;"
  >
    <input
      aria-invalid="false"
      class="MuiInputBase-input MuiInput-input"
      type="text"
      value=""
    />
  </div>
  <p
    class="MuiFormHelperText-root"
    id="component-error-text"
  />
</div>
`;
