// Jest Snapshot v1, https://goo.gl/fbAQLP

exports[`LeftNav Component renders correctly 1`] = `
<div>
  <ul
    class="MuiList-root MuiList-padding"
    style="padding: 0px;"
  >
    <a
      aria-current="page"
      class="MuiListItem-root navLink leftNav MuiListItem-gutters active"
      href="/"
      style="padding: 22px 16px 22px 42px;"
    >
      <div
        class="MuiListItemText-root"
        style="text-transform: uppercase;"
      >
        <span
          class="MuiTypography-root MuiListItemText-primary MuiTypography-body1 MuiTypography-displayBlock"
        >
          Dashboard
        </span>
      </div>
    </a>
    <a
      class="MuiListItem-root navLink leftNav MuiListItem-gutters"
      href="/devices"
      style="padding: 22px 16px 22px 42px;"
    >
      <div
        class="MuiListItemText-root"
        style="text-transform: uppercase;"
      >
        <span
          class="MuiTypography-root MuiListItemText-primary MuiTypography-body1 MuiTypography-displayBlock"
        >
          Devices
        </span>
      </div>
    </a>
    <a
      class="MuiListItem-root navLink leftNav MuiListItem-gutters"
      href="/releases"
      style="padding: 22px 16px 22px 42px;"
    >
      <div
        class="MuiListItemText-root"
        style="text-transform: uppercase;"
      >
        <span
          class="MuiTypography-root MuiListItemText-primary MuiTypography-body1 MuiTypography-displayBlock"
        >
          Releases
        </span>
      </div>
    </a>
    <a
      class="MuiListItem-root navLink leftNav MuiListItem-gutters"
      href="/deployments"
      style="padding: 22px 16px 22px 42px;"
    >
      <div
        class="MuiListItemText-root"
        style="text-transform: uppercase;"
      >
        <span
          class="MuiTypography-root MuiListItemText-primary MuiTypography-body1 MuiTypography-displayBlock"
        >
          Deployments
        </span>
      </div>
    </a>
  </ul>
  <ul
    class="MuiList-root MuiList-padding"
    style="padding: 0px; position: absolute; bottom: 30px; left: 0px; right: 0px;"
  >
    <a
      class="MuiListItem-root navLink leftNav MuiListItem-gutters"
      href="/help"
      style="padding: 16px 16px 16px 42px;"
    >
      <div
        class="MuiListItemText-root"
      >
        <span
          class="MuiTypography-root MuiListItemText-primary MuiTypography-body1 MuiTypography-displayBlock"
        >
          Help
        </span>
      </div>
    </a>
    <li
      class="MuiListItem-root MuiListItem-gutters Mui-disabled"
      disabled=""
      style="padding: 16px 16px 16px 42px; color: rgb(148, 148, 149);"
    >
      <div
        class="MuiListItemText-root MuiListItemText-multiline"
      >
        <span
          class="MuiTypography-root MuiListItemText-primary MuiTypography-body1 MuiTypography-displayBlock"
        >
          <div
            class="clickable"
          />
        </span>
        <p
          class="MuiTypography-root MuiListItemText-secondary MuiTypography-body2 MuiTypography-colorTextSecondary MuiTypography-displayBlock"
        >
          <a
            href="https://docs.mender.io/development/release-information/open-source-licenses"
            rel="noopener noreferrer"
            style="font-size: 13px; position: relative; top: 6px; color: rgb(52, 122, 135);"
            target="_blank"
          >
            License information
          </a>
        </p>
      </div>
    </li>
  </ul>
</div>
`;
